ID             STATUS  STATE        TITLE                              LABELS   UNBLOCKS
AWIT-TEST0001  open    ready        Implement OAuth2 token extraction  auth,p1  2
AWIT-TEST0003  open    blocked      Add E2E auth tests                 -        0
AWIT-TEST0009  open    quarantined  Rotate tokens                      p0       -1
