=== GRAPH WARNINGS ===
[CYCLE] AWIT-TEST0001 -> AWIT-TEST0002 -> AWIT-TEST0003 -> AWIT-TEST0001 (excluded from next)
[CYCLE] AWIT-TEST0004 -> AWIT-TEST0004 (excluded from next)

=== READY (1) ===
[AWIT-TEST0005] open Update the changelog | - | Unblocks: 0

=== BLOCKED (0) ===

=== CRITICAL PATH (1) ===
AWIT-TEST0005
