lazyawit>[1] Issues [2] Graph [3] Queue [4] Config  focus: list                                     
open: 8  archive: (not loaded)   filters: no filter   source: open
HELP

1/2/3/4      switch tab (issues/graph/queue/config)
j/k, up/down move selection (list) / scroll (detail)
h/left       focus list
l/right      focus detail
tab          toggle focus list/detail
enter        focus detail
e/enter      edit value (config)
esc          back to list
/            search (issues)
o            toggle open/archive (issues)
c            close item
b            block item
u            unblock item
m            comment
space        claim (queue)
r            release (queue)
R            reload graph
P            external check on selection
V            validate report into detail
?            this help
q            quit

press ?/esc/q to close
warning: 1 item(s) quarantined, run awit validate

j/k move  enter detail  / filter  o archive  c/b/u/m mutate  P check  ? help