awit lazy-human  [1] Issues [2] Graph [3] Queue [4] Config  focus: list                             
.awit/config.yaml
> prefix         AWIT                         │ required. Id prefix for new items: 2-8 uppercase alp
  default_labels (unset)                      │ current: AWIT                                       
  labels         auth, db                     │                                                     
  stale_claim    2h                           │ e/enter edits, esc discards, R re-reads the file.   
  agent_id       (unset)                      │ saving rewrites .awit/config.yaml; comments and unkn
  commit         (unset)                      │                                                     
  external_push  (unset)                      │                                                     
  template       .awit/templates/workitem.md  │                                                     
                                              │                                                     
                                              │                                                     
                                              │                                                     
                                              │                                                     
                                              │                                                     
                                              │                                                     
                                              │                                                     
                                              │                                                     
                                              │                                                     
                                              │                                                     
                                              │                                                     
                                              │                                                     
                                              │                                                     
                                              │                                                     
                                              │                                                     
                                              │                                                     
                                              │                                                     
                                              │                                                     
warning: 1 items quarantined, run awit validate
j/k move  e/enter edit  esc cancel  R reload  ? help