awit lazy-human  [1] Issues [2] Graph [3] Queue  focus: list                                        
open: 8  archive: 2   filters: no filter   source: archive
  [AWIT-LAZY0101] archived Old thing one      │ archive of AWIT-LAZY0102                            
> [AWIT-LAZY0102] archived Old thing two      │                                                     
                                              │                                                     
                                              │                                                     
                                              │                                                     
                                              │                                                     
                                              │                                                     
                                              │                                                     
                                              │                                                     
                                              │                                                     
                                              │                                                     
                                              │                                                     
                                              │                                                     
                                              │                                                     
                                              │                                                     
                                              │                                                     
                                              │                                                     
                                              │                                                     
                                              │                                                     
                                              │                                                     
                                              │                                                     
                                              │                                                     
                                              │                                                     
                                              │                                                     
                                              │                                                     
                                              │                                                     
warning: 1 items quarantined, run awit validate
j/k move  enter pin  / filter  o open/archive  c close  b block  u unblock  m comment  P check  ? help